// Jest Snapshot v1, https://goo.gl/fbAQLP

exports[`App component App component matches the snapshot 1`] = `
<div>
  <header
    className="MuiPaper-root MuiAppBar-root MuiAppBar-positionRelative MuiAppBar-colorPrimary MuiPaper-elevation4"
  >
    <div
      className="MuiToolbar-root MuiToolbar-regular MuiToolbar-gutters"
    >
      <h6
        className="MuiTypography-root MuiTypography-h6 MuiTypography-colorInherit MuiTypography-noWrap"
      >
        #Newsletter
      </h6>
    </div>
  </header>
  <div
    className="makeStyles-productsContent-1"
  >
    <div
      className="MuiContainer-root MuiContainer-maxWidthSm"
    >
      <h1
        className="MuiTypography-root MuiTypography-h2 MuiTypography-colorTextPrimary MuiTypography-gutterBottom MuiTypography-alignCenter"
      >
        Newsletter
      </h1>
      <p
        className="MuiTypography-root MuiTypography-h5 MuiTypography-colorTextSecondary MuiTypography-paragraph MuiTypography-alignCenter"
      >
        Some news about EE and QBE
      </p>
      <div
        className="makeStyles-productsButtons-2"
      >
        <div
          className="MuiGrid-root MuiGrid-container MuiGrid-spacing-xs-2 MuiGrid-justify-xs-center"
        >
          <div
            className="MuiGrid-root MuiGrid-item"
          >
            <button
              className="MuiButtonBase-root MuiButton-root MuiButton-contained MuiButton-containedSecondary"
              disabled={false}
              onBlur={[Function]}
              onDragLeave={[Function]}
              onFocus={[Function]}
              onKeyDown={[Function]}
              onKeyUp={[Function]}
              onMouseDown={[Function]}
              onMouseLeave={[Function]}
              onMouseUp={[Function]}
              onTouchEnd={[Function]}
              onTouchMove={[Function]}
              onTouchStart={[Function]}
              tabIndex={0}
              type="button"
            >
              <span
                className="MuiButton-label"
              >
                <a
                  color="inherit"
                  href="/user"
                  onClick={[Function]}
                >
                  Subscribe
                </a>
              </span>
            </button>
          </div>
          <div
            className="MuiGrid-root MuiGrid-item"
          >
            <button
              className="MuiButtonBase-root MuiButton-root MuiButton-outlined MuiButton-outlinedPrimary"
              disabled={false}
              onBlur={[Function]}
              onDragLeave={[Function]}
              onFocus={[Function]}
              onKeyDown={[Function]}
              onKeyUp={[Function]}
              onMouseDown={[Function]}
              onMouseLeave={[Function]}
              onMouseUp={[Function]}
              onTouchEnd={[Function]}
              onTouchMove={[Function]}
              onTouchStart={[Function]}
              tabIndex={0}
              type="button"
            >
              <span
                className="MuiButton-label"
              >
                <a
                  color="inherit"
                  href="/"
                  onClick={[Function]}
                >
                  Find more
                </a>
              </span>
            </button>
          </div>
        </div>
      </div>
    </div>
  </div>
  <div
    className="MuiContainer-root makeStyles-cardGrid-3 MuiContainer-maxWidthMd"
  >
    <div
      className="MuiGrid-root MuiGrid-container MuiGrid-spacing-xs-4"
    />
  </div>
  <footer
    className="makeStyles-footer-8"
  >
    <h6
      className="MuiTypography-root MuiTypography-h6 MuiTypography-gutterBottom MuiTypography-alignCenter"
    >
      A production with EE and EBQ
    </h6>
    <p
      className="MuiTypography-root MuiTypography-subtitle1 MuiTypography-colorTextSecondary MuiTypography-alignCenter"
    >
      Contact
    </p>
  </footer>
</div>
`;
