// Jest Snapshot v1, https://goo.gl/fbAQLP

exports[`Header component Header component matches the snapshot 1`] = `
<header
  className="MuiPaper-root MuiAppBar-root MuiAppBar-positionRelative MuiAppBar-colorPrimary MuiPaper-elevation4"
>
  <div
    className="MuiToolbar-root MuiToolbar-regular MuiToolbar-gutters"
  >
    <h6
      className="MuiTypography-root MuiTypography-h6 MuiTypography-colorInherit MuiTypography-noWrap"
    >
      #Newsletter
    </h6>
  </div>
</header>
`;
